21:37:08 **** Incremental Build of configuration Debug for project mio_led ****
make all 
make --no-print-directory pre-build
a9-linaro-pre-build-step
' '
make --no-print-directory main-build
'Building file: ../src/main.c'
'Invoking: ARM v7 gcc compiler'
arm-none-eabi-gcc -Wall -O0 -g3 -c -fmessage-length=0 -MT"src/main.o" -mcpu=cortex-a9 -mfpu=vfpv3 -mfloat-abi=hard -ID:/Zynq/vitis/mio_led/vitis/system_wrapper_1/export/system_wrapper_1/sw/system_wrapper_1/standalone_ps7_cortexa9_0/bspinclude/include -MMD -MP -MF"src/main.d" -MT"src/main.o" -o "src/main.o" "../src/main.c"
'Finished building: ../src/main.c'
' '
'Building target: mio_led.elf'
'Invoking: ARM v7 gcc linker'
arm-none-eabi-gcc -mcpu=cortex-a9 -mfpu=vfpv3 -mfloat-abi=hard -Wl,-build-id=none -specs=Xilinx.spec -Wl,-T -Wl,../src/lscript.ld -LD:/Zynq/vitis/mio_led/vitis/system_wrapper_1/export/system_wrapper_1/sw/system_wrapper_1/standalone_ps7_cortexa9_0/bsplib/lib -o "mio_led.elf"  ./src/main.o   -Wl,--start-group,-lxil,-lgcc,-lc,--end-group
'Finished building target: mio_led.elf'
' '
'Invoking: ARM v7 Print Size'
arm-none-eabi-size mio_led.elf  |tee "mio_led.elf.size"
   text	   data	    bss	    dec	    hex	filename
  36576	   2192	  22648	  61416	   efe8	mio_led.elf
'Finished building: mio_led.elf.size'
' '

21:37:09 Build Finished (took 1s.60ms)

