Nothing to build in platform 'system_wrapper'

23:08:33 **** Incremental Build of configuration Debug for project axi_mio_interrupt ****
make all 
make --no-print-directory pre-build
a9-linaro-pre-build-step
' '
make --no-print-directory main-build
'Building file: ../src/main.c'
'Invoking: ARM v7 gcc compiler'
arm-none-eabi-gcc -Wall -O0 -g3 -c -fmessage-length=0 -MT"src/main.o" -mcpu=cortex-a9 -mfpu=vfpv3 -mfloat-abi=hard -ID:/Zynq/vitis/axi_mio_interrupt/vitis/system_wrapper/export/system_wrapper/sw/system_wrapper/standalone_ps7_cortexa9_0/bspinclude/include -MMD -MP -MF"src/main.d" -MT"src/main.o" -o "src/main.o" "../src/main.c"
In file included from ../src/main.c:26:
D:/Zynq/vitis/axi_mio_interrupt/vitis/system_wrapper/export/system_wrapper/sw/system_wrapper/standalone_ps7_cortexa9_0/bspinclude/include/xbasic_types.h:98:2: warning: #warning The xbasics_type.h file is deprecated and users should use xil_types.h and xil_assert. [-Wcpp]
   98 | #warning  The xbasics_type.h file is deprecated and users should use xil_types.h and xil_assert.
      |  ^~~~~~~
D:/Zynq/vitis/axi_mio_interrupt/vitis/system_wrapper/export/system_wrapper/sw/system_wrapper/standalone_ps7_cortexa9_0/bspinclude/include/xbasic_types.h:99:2: warning: #warning Please refer the Standalone BSP UG647 for further details [-Wcpp]
   99 | #warning  Please refer the Standalone BSP UG647 for further details
      |  ^~~~~~~
../src/main.c: In function 'SetupInterruptSystem':
../src/main.c:144:7: warning: extra tokens at end of #else directive [-Wendif-labels]
  144 | #else _DIRRECT_CONNECT//中断触发后回调XGpioPs_IntrHandler函数，其函数内部清除挂起的中断，再调用IntrHandler函数
      |       ^~~~~~~~~~~~~~~~
../src/main.c: In function 'IntrHandler':
../src/main.c:190:49: warning: format '%u' expects argument of type 'unsigned int', but argument 2 has type 'u32' {aka 'long unsigned int'} [-Wformat=]
  190 |  printf("IntrHandler is enter, unIntrCounter = %u\n", ++unIntrCounter);
      |                                                ~^     ~~~~~~~~~~~~~~~
      |                                                 |     |
      |                                                 |     u32 {aka long unsigned int}
      |                                                 unsigned int
      |                                                %lu
'Finished building: ../src/main.c'
' '
'Building target: axi_mio_interrupt.elf'
'Invoking: ARM v7 gcc linker'
arm-none-eabi-gcc -mcpu=cortex-a9 -mfpu=vfpv3 -mfloat-abi=hard -Wl,-build-id=none -specs=Xilinx.spec -Wl,-T -Wl,../src/lscript.ld -LD:/Zynq/vitis/axi_mio_interrupt/vitis/system_wrapper/export/system_wrapper/sw/system_wrapper/standalone_ps7_cortexa9_0/bsplib/lib -o "axi_mio_interrupt.elf"  ./src/main.o   -Wl,--start-group,-lxil,-lgcc,-lc,--end-group
'Finished building target: axi_mio_interrupt.elf'
' '
'Invoking: ARM v7 Print Size'
arm-none-eabi-size axi_mio_interrupt.elf  |tee "axi_mio_interrupt.elf.size"
   text	   data	    bss	    dec	    hex	filename
  61756	   3348	  22656	  87760	  156d0	axi_mio_interrupt.elf
'Finished building: axi_mio_interrupt.elf.size'
' '
