C51 COMPILER V9.54   MAIN                                                                  11/10/2024 18:43:38 PAGE 1   


C51 COMPILER V9.54, COMPILATION OF MODULE MAIN
OBJECT MODULE PLACED IN .\Objects\main.obj
COMPILER INVOKED BY: C:\Keil_v5\C51\BIN\C51.EXE main.c OPTIMIZE(8,SPEED) BROWSE DEBUG OBJECTEXTEND PRINT(.\Listings\main
                    -.lst) TABS(2) OBJECT(.\Objects\main.obj)

line level    source

   1          /*************************************************
   2          Copyright (C), 2009-2012    , Level Chip Co., Ltd.
   3          文件名: main.c
   4          作  者: 钱锐      版本: V0.1.0     新建日期: 2024.11.10
   5          描  述: 静态数码管显示
   6          备  注:  
   7          修改记录: 
   8          
   9            1.  日期: 2024.11.10
  10                作者: 钱锐
  11                内容:
  12                    1) 此为模板第一个版本;
  13                版本:V0.1.0
  14          
  15          *************************************************/
  16          #include <REGX52.H>
  17          
  18          //void Delay(unsigned int _Ms)    //@12.000MHz
  19          //{
  20          //  unsigned char i, j;
  21          
  22          //  while(_Ms--)
  23          //  {
  24          //    i = 2;
  25          //    j = 239;
  26          //    do
  27          //    {
  28          //      while (--j);
  29          //    } while (--i);
  30          //  }
  31          //}
  32          
  33          //数码管显示子函数
  34          void SetNixieTube(unsigned char _NixieNo, unsigned char _Num)
  35          {
  36   1        //数码管段码表
  37   1        unsigned char NixieTable[]={0x3F,0x06,0x5B,0x4F,0x66,0x6D,0x7D,0x07,0x7F,0x6F};
  38   1        
  39   1        switch(_NixieNo)
  40   1        {
  41   2          case 1:   P2_4 = 1; P2_3 = 1; P2_2 = 1; break;
  42   2          case 2:   P2_4 = 1; P2_3 = 1; P2_2 = 0; break;
  43   2          case 3:   P2_4 = 1; P2_3 = 0; P2_2 = 1; break;
  44   2          case 4:   P2_4 = 1; P2_3 = 0; P2_2 = 0; break;
  45   2          case 5:   P2_4 = 0; P2_3 = 1; P2_2 = 1; break;
  46   2          case 6:   P2_4 = 0; P2_3 = 1; P2_2 = 0; break;
  47   2          case 7:   P2_4 = 0; P2_3 = 0; P2_2 = 1; break;
  48   2          case 8:   P2_4 = 0; P2_3 = 0; P2_2 = 0; break;
  49   2          default:
  50   2            break;
  51   2        }
  52   1        
  53   1        P0 = NixieTable[_Num];
  54   1      }
C51 COMPILER V9.54   MAIN                                                                  11/10/2024 18:43:38 PAGE 2   

  55          
  56          int main(void)
  57          {
  58   1        SetNixieTube(5, 3);
  59   1        
  60   1        while(1){};
  61   1      }


MODULE INFORMATION:   STATIC OVERLAYABLE
   CODE SIZE        =    133    ----
   CONSTANT SIZE    =     10    ----
   XDATA SIZE       =   ----    ----
   PDATA SIZE       =   ----    ----
   DATA SIZE        =   ----      12
   IDATA SIZE       =   ----    ----
   BIT SIZE         =   ----    ----
END OF MODULE INFORMATION.


C51 COMPILATION COMPLETE.  0 WARNING(S),  0 ERROR(S)
