11:01:19 **** Build of configuration Debug for project qspi_flash_rw_bsp_xqspips_flash_polled_example_1 ****
make pre-build main-build 
a9-linaro-pre-build-step
' '
'Building file: ../src/xqspips_flash_polled_example.c'
'Invoking: ARM v7 gcc compiler'
arm-none-eabi-gcc -Wall -O0 -g3 -c -fmessage-length=0 -MT"src/xqspips_flash_polled_example.o" -mcpu=cortex-a9 -mfpu=vfpv3 -mfloat-abi=hard -I../../qspi_flash_rw_bsp/ps7_cortexa9_0/include -MMD -MP -MF"src/xqspips_flash_polled_example.d" -MT"src/xqspips_flash_polled_example.o" -o "src/xqspips_flash_polled_example.o" "../src/xqspips_flash_polled_example.c"
'Finished building: ../src/xqspips_flash_polled_example.c'
' '
'Building target: qspi_flash_rw_bsp_xqspips_flash_polled_example_1.elf'
'Invoking: ARM v7 gcc linker'
arm-none-eabi-gcc -mcpu=cortex-a9 -mfpu=vfpv3 -mfloat-abi=hard -Wl,-build-id=none -specs=Xilinx.spec -Wl,-T -Wl,../src/lscript.ld -L../../qspi_flash_rw_bsp/ps7_cortexa9_0/lib -o "qspi_flash_rw_bsp_xqspips_flash_polled_example_1.elf"  ./src/xqspips_flash_polled_example.o   -Wl,--start-group,-lxil,-lgcc,-lc,--end-group
'Finished building target: qspi_flash_rw_bsp_xqspips_flash_polled_example_1.elf'
' '
'Invoking: ARM v7 Print Size'
arm-none-eabi-size qspi_flash_rw_bsp_xqspips_flash_polled_example_1.elf  |tee "qspi_flash_rw_bsp_xqspips_flash_polled_example_1.elf.size"
   text	   data	    bss	    dec	    hex	filename
  33040	   1248	  27000	  61288	   ef68	qspi_flash_rw_bsp_xqspips_flash_polled_example_1.elf
'Finished building: qspi_flash_rw_bsp_xqspips_flash_polled_example_1.elf.size'
' '

11:01:20 Build Finished (took 863ms)

