14:12:13 **** Clean-only build of project system_wrapper ****
buildplatform.bat 5114 system_wrapper clean 
XSDB Server Channel: tcfchan#2
Cleaning the zynq_fsbl application.
rm -rf  sd.o  nand.o  image_mover.o  md5.o  fsbl_hooks.o  main.o  rsa.o  nor.o  qspi.o  ps7_init.o  pcap.o  fsbl_handoff.o zynq
_fsbl_bsp/ps7_cortexa9_0/lib/libxil.a fsbl.elf *.o

rm: lstat¡®*.o¡¯Ê§°Ü: Invalid argument
make: *** [Makefile:42: clean] Error 1
Failed to do platform clean.
    invoked from within
"::tcf::eval -progress {apply {{msg} {puts $msg}}} {tcf_send_command tcfchan#0 xsdb eval s es {{platform active system_wrapper; platform clean}}}"
    (procedure "::tcf::send_command" line 4)
    invoked from within
"tcf send_command $::xsdb::curchan xsdb eval s es [list "platform active $PLATFORM_NAME; platform clean"]"
    invoked from within
"if { $iswindows == 1 } {    

    set XSDB_PORT [lindex $argv 0]
    set PLATFORM_NAME [lindex $argv 1]
    set arglen [llength $argv]
    set lastind..."
    (file "C:/Xilinx/Vitis/2020.2\scripts\vitis\util\buildplatform.tcl" line 11)
14:12:14 **** Clean-only build of configuration Debug for project 21_01_axi_vdma_lcd ****
make clean 
rm -rf  ./src/display_ctrl/display_ctrl.o  ./src/clk_wiz.o ./src/main.o ./src/vdma_api.o  ./src/display_ctrl/display_ctrl.d  ./src/clk_wiz.d ./src/main.d ./src/vdma_api.d  21_01_axi_vdma_lcd.elf.size  21_01_axi_vdma_lcd.elf
' '
