14:55:20 INFO  : Registering command handlers for Vitis TCF services
14:55:20 INFO  : Launching XSCT server: xsct.bat -n  -interactive D:\Zynq\vitis\version_2020\24_01_sd_bmp_hdmi\vitis\temp_xsdb_launch_script.tcl
14:55:22 INFO  : Platform repository initialization has completed.
14:55:22 INFO  : XSCT server has started successfully.
14:55:23 INFO  : Successfully done setting XSCT server connection channel  
14:55:23 INFO  : plnx-install-location is set to ''
14:55:23 INFO  : Successfully done query RDI_DATADIR 
14:55:23 INFO  : Successfully done setting workspace for the tool. 
14:56:07 INFO  : Result from executing command 'getProjects': system_wrapper
14:56:07 INFO  : Result from executing command 'getPlatforms': 
14:56:07 WARN  : An unexpected exception occurred in the module 'platform project logging'
14:56:08 INFO  : Platform 'system_wrapper' is added to custom repositories.
14:56:13 INFO  : Platform 'system_wrapper' is added to custom repositories.
15:00:41 INFO  : Result from executing command 'getProjects': system_wrapper
15:00:41 INFO  : Result from executing command 'getPlatforms': system_wrapper|D:/Zynq/vitis/version_2020/24_01_sd_bmp_hdmi/vitis/system_wrapper/export/system_wrapper/system_wrapper.xpfm
15:00:41 INFO  : Checking for BSP changes to sync application flags for project 'sd_bmp_hdmi'...
15:01:46 INFO  : Result from executing command 'getProjects': system_wrapper
15:01:46 INFO  : Result from executing command 'getPlatforms': system_wrapper|D:/Zynq/vitis/version_2020/24_01_sd_bmp_hdmi/vitis/system_wrapper/export/system_wrapper/system_wrapper.xpfm
15:02:04 INFO  : Checking for BSP changes to sync application flags for project 'sd_bmp_hdmi'...
15:02:04 INFO  : Updating application flags with new BSP settings...
15:02:04 INFO  : Successfully updated application flags for project sd_bmp_hdmi.
15:02:17 INFO  : Checking for BSP changes to sync application flags for project 'sd_bmp_hdmi'...
15:07:44 INFO  : Checking for BSP changes to sync application flags for project 'sd_bmp_hdmi'...
