11:37:24 INFO  : Launching XSCT server: xsct.bat -n  -interactive D:\Zynq\vitis\version_2020\21_01_axi_vdma_lcd\vitis\temp_xsdb_launch_script.tcl
11:37:24 INFO  : Registering command handlers for Vitis TCF services
11:37:26 INFO  : XSCT server has started successfully.
11:37:26 INFO  : plnx-install-location is set to ''
11:37:26 INFO  : Successfully done setting XSCT server connection channel  
11:37:26 INFO  : Platform repository initialization has completed.
11:37:27 INFO  : Successfully done setting workspace for the tool. 
11:37:27 INFO  : Successfully done query RDI_DATADIR 
11:38:35 INFO  : Result from executing command 'getProjects': system_wrapper
11:38:35 INFO  : Result from executing command 'getPlatforms': 
11:38:35 WARN  : An unexpected exception occurred in the module 'platform project logging'
11:38:35 INFO  : Platform 'system_wrapper' is added to custom repositories.
11:38:41 INFO  : Platform 'system_wrapper' is added to custom repositories.
11:39:14 INFO  : Example project vdma_1 has been created successfully.
11:40:29 INFO  : Result from executing command 'getProjects': system_wrapper
11:40:29 INFO  : Result from executing command 'getPlatforms': system_wrapper|D:/Zynq/vitis/version_2020/21_01_axi_vdma_lcd/vitis/system_wrapper/export/system_wrapper/system_wrapper.xpfm
11:40:29 INFO  : Checking for BSP changes to sync application flags for project '21_01_axi_vdma_lcd'...
11:40:38 INFO  : Checking for BSP changes to sync application flags for project 'vdma_1'...
11:40:44 INFO  : Checking for BSP changes to sync application flags for project 'vdma_1'...
11:41:10 INFO  : Checking for BSP changes to sync application flags for project 'vdma_1'...
11:41:48 INFO  : Result from executing command 'getProjects': system_wrapper
11:41:48 INFO  : Result from executing command 'getPlatforms': system_wrapper|D:/Zynq/vitis/version_2020/21_01_axi_vdma_lcd/vitis/system_wrapper/export/system_wrapper/system_wrapper.xpfm
11:41:48 INFO  : Checking for BSP changes to sync application flags for project 'vdma_1'...
11:50:45 INFO  : Checking for BSP changes to sync application flags for project '21_01_axi_vdma_lcd'...
11:51:42 INFO  : Checking for BSP changes to sync application flags for project 'vdma_1'...
11:52:50 INFO  : Checking for BSP changes to sync application flags for project '21_01_axi_vdma_lcd'...
12:05:38 INFO  : Checking for BSP changes to sync application flags for project '21_01_axi_vdma_lcd'...
12:05:50 INFO  : Checking for BSP changes to sync application flags for project '21_01_axi_vdma_lcd'...
12:06:14 INFO  : Checking for BSP changes to sync application flags for project '21_01_axi_vdma_lcd'...
13:51:27 INFO  : Checking for BSP changes to sync application flags for project '21_01_axi_vdma_lcd'...
13:51:52 INFO  : Checking for BSP changes to sync application flags for project '21_01_axi_vdma_lcd'...
13:54:06 INFO  : Checking for BSP changes to sync application flags for project '21_01_axi_vdma_lcd'...
13:57:59 INFO  : Checking for BSP changes to sync application flags for project '21_01_axi_vdma_lcd'...
13:58:23 INFO  : Checking for BSP changes to sync application flags for project '21_01_axi_vdma_lcd'...
14:01:55 INFO  : Checking for BSP changes to sync application flags for project '21_01_axi_vdma_lcd'...
09:15:45 INFO  : Launching XSCT server: xsct.bat -n  -interactive D:\Zynq\vitis\version_2020\21_01_axi_vdma_lcd\vitis\temp_xsdb_launch_script.tcl
09:15:48 INFO  : XSCT server has started successfully.
09:15:48 INFO  : plnx-install-location is set to ''
09:15:48 INFO  : Successfully done setting XSCT server connection channel  
09:15:48 INFO  : Successfully done setting workspace for the tool. 
09:15:51 INFO  : Platform repository initialization has completed.
09:15:51 INFO  : Registering command handlers for Vitis TCF services
09:15:52 INFO  : Successfully done query RDI_DATADIR 
09:41:09 INFO  : Checking for BSP changes to sync application flags for project '21_01_axi_vdma_lcd'...
09:41:41 INFO  : Checking for BSP changes to sync application flags for project '21_01_axi_vdma_lcd'...
14:23:23 INFO  : Launching XSCT server: xsct.bat -n  -interactive D:\Zynq\vitis\version_2020\21_01_axi_vdma_lcd\vitis\temp_xsdb_launch_script.tcl
14:23:25 INFO  : XSCT server has started successfully.
14:23:25 INFO  : plnx-install-location is set to ''
14:23:25 INFO  : Successfully done setting XSCT server connection channel  
14:23:25 INFO  : Successfully done setting workspace for the tool. 
14:23:29 INFO  : Platform repository initialization has completed.
14:23:30 INFO  : Registering command handlers for Vitis TCF services
14:23:30 INFO  : Successfully done query RDI_DATADIR 
10:57:05 INFO  : Checking for BSP changes to sync application flags for project '21_01_axi_vdma_lcd'...
10:58:26 INFO  : Checking for BSP changes to sync application flags for project '21_01_axi_vdma_lcd'...
11:15:23 INFO  : Checking for BSP changes to sync application flags for project '21_01_axi_vdma_lcd'...
11:15:47 INFO  : Checking for BSP changes to sync application flags for project '21_01_axi_vdma_lcd'...
11:16:05 INFO  : Checking for BSP changes to sync application flags for project '21_01_axi_vdma_lcd'...
13:45:57 INFO  : Checking for BSP changes to sync application flags for project '21_01_axi_vdma_lcd'...
13:46:08 INFO  : Checking for BSP changes to sync application flags for project '21_01_axi_vdma_lcd'...
13:46:21 INFO  : Checking for BSP changes to sync application flags for project '21_01_axi_vdma_lcd'...
13:47:03 INFO  : Checking for BSP changes to sync application flags for project '21_01_axi_vdma_lcd'...
13:49:08 INFO  : Checking for BSP changes to sync application flags for project '21_01_axi_vdma_lcd'...
13:49:59 INFO  : Checking for BSP changes to sync application flags for project '21_01_axi_vdma_lcd'...
13:56:43 INFO  : Checking for BSP changes to sync application flags for project '21_01_axi_vdma_lcd'...
14:05:15 INFO  : Checking for BSP changes to sync application flags for project '21_01_axi_vdma_lcd'...
14:13:23 INFO  : Launching XSCT server: xsct.bat -n  -interactive D:\Zynq\vitis\version_2020\21_01_axi_vdma_lcd\vitis\temp_xsdb_launch_script.tcl
14:13:23 INFO  : Registering command handlers for Vitis TCF services
14:13:24 INFO  : XSCT server has started successfully.
14:13:25 INFO  : Platform repository initialization has completed.
14:13:25 INFO  : Successfully done setting XSCT server connection channel  
14:13:25 INFO  : plnx-install-location is set to ''
14:13:25 INFO  : Successfully done query RDI_DATADIR 
14:13:25 INFO  : Successfully done setting workspace for the tool. 
14:14:00 INFO  : Launching XSCT server: xsct.bat -n  -interactive D:\Zynq\vitis\version_2020\21_01_axi_vdma_lcd\vitis\temp_xsdb_launch_script.tcl
14:14:01 INFO  : XSCT server has started successfully.
14:14:01 INFO  : Successfully done setting XSCT server connection channel  
14:14:01 INFO  : plnx-install-location is set to ''
14:14:01 INFO  : Successfully done setting workspace for the tool. 
14:14:04 ERROR : Error encountered while initializing user repository paths
Reason: No Platforms Found.


14:14:04 INFO  : Platform repository initialization has completed.
14:14:04 INFO  : Successfully done query RDI_DATADIR 
14:14:04 INFO  : Registering command handlers for Vitis TCF services
