14:35:25 INFO  : Launching XSCT server: xsct.bat -n  -interactive D:\Zynq\vitis\version_2020\23_01_sd_bmp_lcd\vitis\temp_xsdb_launch_script.tcl
14:35:25 INFO  : Registering command handlers for Vitis TCF services
14:35:27 INFO  : Platform repository initialization has completed.
14:35:27 INFO  : XSCT server has started successfully.
14:35:27 INFO  : plnx-install-location is set to ''
14:35:27 INFO  : Successfully done setting XSCT server connection channel  
14:35:27 INFO  : Successfully done query RDI_DATADIR 
14:35:27 INFO  : Successfully done setting workspace for the tool. 
14:38:49 INFO  : Result from executing command 'getProjects': system_wrapper
14:38:49 INFO  : Result from executing command 'getPlatforms': 
14:38:49 WARN  : An unexpected exception occurred in the module 'platform project logging'
14:38:49 INFO  : Platform 'system_wrapper' is added to custom repositories.
14:38:54 INFO  : Platform 'system_wrapper' is added to custom repositories.
14:39:15 INFO  : Result from executing command 'getProjects': system_wrapper
14:39:15 INFO  : Result from executing command 'getPlatforms': system_wrapper|D:/Zynq/vitis/version_2020/23_01_sd_bmp_lcd/vitis/system_wrapper/export/system_wrapper/system_wrapper.xpfm
14:42:50 INFO  : Result from executing command 'getProjects': system_wrapper
14:42:50 INFO  : Result from executing command 'getPlatforms': system_wrapper|D:/Zynq/vitis/version_2020/23_01_sd_bmp_lcd/vitis/system_wrapper/export/system_wrapper/system_wrapper.xpfm
14:44:40 INFO  : Checking for BSP changes to sync application flags for project 'sd_bmp_lcd'...
14:44:40 INFO  : Updating application flags with new BSP settings...
14:44:40 INFO  : Successfully updated application flags for project sd_bmp_lcd.
15:58:53 INFO  : Checking for BSP changes to sync application flags for project 'sd_bmp_lcd'...
16:00:05 INFO  : Checking for BSP changes to sync application flags for project 'sd_bmp_lcd'...
16:06:39 INFO  : Checking for BSP changes to sync application flags for project 'sd_bmp_lcd'...
16:06:48 INFO  : Checking for BSP changes to sync application flags for project 'sd_bmp_lcd'...
16:07:09 INFO  : Checking for BSP changes to sync application flags for project 'sd_bmp_lcd'...
16:22:54 INFO  : Checking for BSP changes to sync application flags for project 'sd_bmp_lcd'...
