18:40:55 INFO  : Launching XSCT server: xsct.bat -n  -interactive D:\Zynq\vitis\version_2020\27_01_ov5640_auto_focus\vitis\temp_xsdb_launch_script.tcl
18:40:56 INFO  : Registering command handlers for Vitis TCF services
18:40:58 INFO  : Platform repository initialization has completed.
18:40:59 INFO  : XSCT server has started successfully.
18:40:59 INFO  : Successfully done setting XSCT server connection channel  
18:41:05 INFO  : plnx-install-location is set to ''
18:41:05 INFO  : Successfully done setting workspace for the tool. 
18:41:05 INFO  : Successfully done query RDI_DATADIR 
18:43:39 INFO  : Result from executing command 'getProjects': system_wrapper
18:43:39 INFO  : Result from executing command 'getPlatforms': 
18:43:39 WARN  : An unexpected exception occurred in the module 'platform project logging'
18:43:40 INFO  : Platform 'system_wrapper' is added to custom repositories.
18:43:51 INFO  : Platform 'system_wrapper' is added to custom repositories.
18:45:03 INFO  : Result from executing command 'getProjects': system_wrapper
18:45:03 INFO  : Result from executing command 'getPlatforms': system_wrapper|D:/Zynq/vitis/version_2020/27_01_ov5640_auto_focus/vitis/system_wrapper/export/system_wrapper/system_wrapper.xpfm
18:45:03 INFO  : Checking for BSP changes to sync application flags for project '27_01_ov5640_auto_focus'...
18:49:22 INFO  : Checking for BSP changes to sync application flags for project '27_01_ov5640_auto_focus'...
18:50:25 INFO  : Checking for BSP changes to sync application flags for project '27_01_ov5640_auto_focus'...
18:50:35 INFO  : Checking for BSP changes to sync application flags for project '27_01_ov5640_auto_focus'...
18:52:29 INFO  : Checking for BSP changes to sync application flags for project '27_01_ov5640_auto_focus'...
18:52:39 INFO  : Connected to target on host '127.0.0.1' and port '3121'.
18:52:40 INFO  : Jtag cable 'Digilent JTAG-SMT2 C306AFE5ABCD' is selected.
18:52:40 INFO  : 'jtag frequency' command is executed.
18:52:40 INFO  : Context for 'APU' is selected.
18:52:40 INFO  : System reset is completed.
18:52:43 INFO  : 'after 3000' command is executed.
18:52:43 INFO  : 'targets -set -filter {jtag_cable_name =~ "Digilent JTAG-SMT2 C306AFE5ABCD" && level==0 && jtag_device_ctx=="jsn-JTAG-SMT2-C306AFE5ABCD-23727093-0"}' command is executed.
18:52:46 INFO  : Device configured successfully with "D:/Zynq/vitis/version_2020/27_01_ov5640_auto_focus/vitis/27_01_ov5640_auto_focus/_ide/bitstream/system_wrapper.bit"
18:52:46 INFO  : Context for 'APU' is selected.
18:52:46 INFO  : Hardware design and registers information is loaded from 'D:/Zynq/vitis/version_2020/27_01_ov5640_auto_focus/vitis/system_wrapper/export/system_wrapper/hw/system_wrapper.xsa'.
18:52:46 INFO  : 'configparams force-mem-access 1' command is executed.
18:52:46 INFO  : Context for 'APU' is selected.
18:52:46 INFO  : Sourcing of 'D:/Zynq/vitis/version_2020/27_01_ov5640_auto_focus/vitis/27_01_ov5640_auto_focus/_ide/psinit/ps7_init.tcl' is done.
18:52:46 INFO  : 'ps7_init' command is executed.
18:52:46 INFO  : 'ps7_post_config' command is executed.
18:52:46 INFO  : Context for processor 'ps7_cortexa9_0' is selected.
18:52:47 INFO  : The application 'D:/Zynq/vitis/version_2020/27_01_ov5640_auto_focus/vitis/27_01_ov5640_auto_focus/Debug/27_01_ov5640_auto_focus.elf' is downloaded to processor 'ps7_cortexa9_0'.
18:52:47 INFO  : 'configparams force-mem-access 0' command is executed.
18:52:47 INFO  : ----------------XSDB Script----------------
connect -url tcp:127.0.0.1:3121
targets -set -nocase -filter {name =~"APU*"}
rst -system
after 3000
targets -set -filter {jtag_cable_name =~ "Digilent JTAG-SMT2 C306AFE5ABCD" && level==0 && jtag_device_ctx=="jsn-JTAG-SMT2-C306AFE5ABCD-23727093-0"}
fpga -file D:/Zynq/vitis/version_2020/27_01_ov5640_auto_focus/vitis/27_01_ov5640_auto_focus/_ide/bitstream/system_wrapper.bit
targets -set -nocase -filter {name =~"APU*"}
loadhw -hw D:/Zynq/vitis/version_2020/27_01_ov5640_auto_focus/vitis/system_wrapper/export/system_wrapper/hw/system_wrapper.xsa -mem-ranges [list {0x40000000 0xbfffffff}] -regs
configparams force-mem-access 1
targets -set -nocase -filter {name =~"APU*"}
source D:/Zynq/vitis/version_2020/27_01_ov5640_auto_focus/vitis/27_01_ov5640_auto_focus/_ide/psinit/ps7_init.tcl
ps7_init
ps7_post_config
targets -set -nocase -filter {name =~ "*A9*#0"}
dow D:/Zynq/vitis/version_2020/27_01_ov5640_auto_focus/vitis/27_01_ov5640_auto_focus/Debug/27_01_ov5640_auto_focus.elf
configparams force-mem-access 0
----------------End of Script----------------

18:52:47 INFO  : Context for processor 'ps7_cortexa9_0' is selected.
18:52:47 INFO  : 'con' command is executed.
18:52:47 INFO  : ----------------XSDB Script (After Launch)----------------
targets -set -nocase -filter {name =~ "*A9*#0"}
con
----------------End of Script----------------

18:52:47 INFO  : Launch script is exported to file 'D:\Zynq\vitis\version_2020\27_01_ov5640_auto_focus\vitis\27_01_ov5640_auto_focus_system\_ide\scripts\debugger_27_01_ov5640_auto_focus-default.tcl'
18:58:27 INFO  : Checking for BSP changes to sync application flags for project '27_01_ov5640_auto_focus'...
18:59:08 INFO  : Disconnected from the channel tcfchan#2.
18:59:09 INFO  : Connected to target on host '127.0.0.1' and port '3121'.
18:59:09 INFO  : Jtag cable 'Digilent JTAG-SMT2 C306AFE5ABCD' is selected.
18:59:09 INFO  : 'jtag frequency' command is executed.
18:59:09 INFO  : Context for 'APU' is selected.
18:59:09 INFO  : System reset is completed.
18:59:12 INFO  : 'after 3000' command is executed.
18:59:12 INFO  : 'targets -set -filter {jtag_cable_name =~ "Digilent JTAG-SMT2 C306AFE5ABCD" && level==0 && jtag_device_ctx=="jsn-JTAG-SMT2-C306AFE5ABCD-23727093-0"}' command is executed.
18:59:15 INFO  : Device configured successfully with "D:/Zynq/vitis/version_2020/27_01_ov5640_auto_focus/vitis/27_01_ov5640_auto_focus/_ide/bitstream/system_wrapper.bit"
18:59:15 INFO  : Context for 'APU' is selected.
18:59:15 INFO  : Hardware design and registers information is loaded from 'D:/Zynq/vitis/version_2020/27_01_ov5640_auto_focus/vitis/system_wrapper/export/system_wrapper/hw/system_wrapper.xsa'.
18:59:15 INFO  : 'configparams force-mem-access 1' command is executed.
18:59:15 INFO  : Context for 'APU' is selected.
18:59:15 INFO  : Sourcing of 'D:/Zynq/vitis/version_2020/27_01_ov5640_auto_focus/vitis/27_01_ov5640_auto_focus/_ide/psinit/ps7_init.tcl' is done.
18:59:15 INFO  : 'ps7_init' command is executed.
18:59:15 INFO  : 'ps7_post_config' command is executed.
18:59:15 INFO  : Context for processor 'ps7_cortexa9_0' is selected.
18:59:16 INFO  : The application 'D:/Zynq/vitis/version_2020/27_01_ov5640_auto_focus/vitis/27_01_ov5640_auto_focus/Debug/27_01_ov5640_auto_focus.elf' is downloaded to processor 'ps7_cortexa9_0'.
18:59:16 INFO  : 'configparams force-mem-access 0' command is executed.
18:59:16 INFO  : ----------------XSDB Script----------------
connect -url tcp:127.0.0.1:3121
targets -set -nocase -filter {name =~"APU*"}
rst -system
after 3000
targets -set -filter {jtag_cable_name =~ "Digilent JTAG-SMT2 C306AFE5ABCD" && level==0 && jtag_device_ctx=="jsn-JTAG-SMT2-C306AFE5ABCD-23727093-0"}
fpga -file D:/Zynq/vitis/version_2020/27_01_ov5640_auto_focus/vitis/27_01_ov5640_auto_focus/_ide/bitstream/system_wrapper.bit
targets -set -nocase -filter {name =~"APU*"}
loadhw -hw D:/Zynq/vitis/version_2020/27_01_ov5640_auto_focus/vitis/system_wrapper/export/system_wrapper/hw/system_wrapper.xsa -mem-ranges [list {0x40000000 0xbfffffff}] -regs
configparams force-mem-access 1
targets -set -nocase -filter {name =~"APU*"}
source D:/Zynq/vitis/version_2020/27_01_ov5640_auto_focus/vitis/27_01_ov5640_auto_focus/_ide/psinit/ps7_init.tcl
ps7_init
ps7_post_config
targets -set -nocase -filter {name =~ "*A9*#0"}
dow D:/Zynq/vitis/version_2020/27_01_ov5640_auto_focus/vitis/27_01_ov5640_auto_focus/Debug/27_01_ov5640_auto_focus.elf
configparams force-mem-access 0
----------------End of Script----------------

18:59:16 INFO  : Context for processor 'ps7_cortexa9_0' is selected.
18:59:16 INFO  : 'con' command is executed.
18:59:16 INFO  : ----------------XSDB Script (After Launch)----------------
targets -set -nocase -filter {name =~ "*A9*#0"}
con
----------------End of Script----------------

18:59:16 INFO  : Launch script is exported to file 'D:\Zynq\vitis\version_2020\27_01_ov5640_auto_focus\vitis\27_01_ov5640_auto_focus_system\_ide\scripts\debugger_27_01_ov5640_auto_focus-default.tcl'
19:00:49 INFO  : Checking for BSP changes to sync application flags for project '27_01_ov5640_auto_focus'...
