23:41:14 **** Incremental Build of configuration Debug for project emio_led ****
make all 
make --no-print-directory pre-build
a9-linaro-pre-build-step
' '
make --no-print-directory main-build
'Building file: ../src/main.c'
'Invoking: ARM v7 gcc compiler'
arm-none-eabi-gcc -Wall -O0 -g3 -c -fmessage-length=0 -MT"src/main.o" -mcpu=cortex-a9 -mfpu=vfpv3 -mfloat-abi=hard -ID:/Zynq/vitis/emio_led/vitis/system_wrapper/export/system_wrapper/sw/system_wrapper/standalone_ps7_cortexa9_0/bspinclude/include -MMD -MP -MF"src/main.d" -MT"src/main.o" -o "src/main.o" "../src/main.c"
'Finished building: ../src/main.c'
' '
'Building target: emio_led.elf'
'Invoking: ARM v7 gcc linker'
arm-none-eabi-gcc -mcpu=cortex-a9 -mfpu=vfpv3 -mfloat-abi=hard -Wl,-build-id=none -specs=Xilinx.spec -Wl,-T -Wl,../src/lscript.ld -LD:/Zynq/vitis/emio_led/vitis/system_wrapper/export/system_wrapper/sw/system_wrapper/standalone_ps7_cortexa9_0/bsplib/lib -o "emio_led.elf"  ./src/main.o   -Wl,--start-group,-lxil,-lgcc,-lc,--end-group
'Finished building target: emio_led.elf'
' '
'Invoking: ARM v7 Print Size'
arm-none-eabi-size emio_led.elf  |tee "emio_led.elf.size"
   text	   data	    bss	    dec	    hex	filename
  36448	   2192	  22648	  61288	   ef68	emio_led.elf
'Finished building: emio_led.elf.size'
' '

23:41:15 Build Finished (took 1s.12ms)

